node:internal/modules/cjs/loader:1421
  const err = new Error(message);
              ^

Error: Cannot find module 'dotenv/config'
Require stack:
- D:\Cursor Projects\Kings Transport\prisma\seed.ts
    at node:internal/modules/cjs/loader:1421:15
    at nextResolveSimple (D:\Cursor Projects\Kings Transport\node_modules\tsx\dist\register-D46fvsV_.cjs:4:1004)
    at D:\Cursor Projects\Kings Transport\node_modules\tsx\dist\register-D46fvsV_.cjs:3:2630
    at D:\Cursor Projects\Kings Transport\node_modules\tsx\dist\register-D46fvsV_.cjs:3:1542
    at resolveTsPaths (D:\Cursor Projects\Kings Transport\node_modules\tsx\dist\register-D46fvsV_.cjs:4:760)
    at D:\Cursor Projects\Kings Transport\node_modules\tsx\dist\register-D46fvsV_.cjs:4:1102
    at m._resolveFilename (file:///D:/Cursor%20Projects/Kings%20Transport/node_modules/tsx/dist/register-B7jrtLTO.mjs:1:789)
    at defaultResolveImpl (node:internal/modules/cjs/loader:1059:19)
    at resolveForCJSWithHooks (node:internal/modules/cjs/loader:1064:22)
    at Module._load (node:internal/modules/cjs/loader:1227:37) {
  code: 'MODULE_NOT_FOUND',
  requireStack: [ 'D:\\Cursor Projects\\Kings Transport\\prisma\\seed.ts' ]
}

Node.js v24.11.1
